Archive member included because of file (symbol)

e:/amgad sameer course/tools/sdk_win_64/sdk_win_64/winavr/bin/../lib/gcc/avr/4.3.3/avr5\libgcc.a(_udivmodhi4.o)
                              ./Kernel_program.o (__udivmodhi4)
e:/amgad sameer course/tools/sdk_win_64/sdk_win_64/winavr/bin/../lib/gcc/avr/4.3.3/avr5\libgcc.a(_exit.o)
                              e:/amgad sameer course/tools/sdk_win_64/sdk_win_64/winavr/bin/../lib/gcc/avr/4.3.3/../../../../avr/lib/avr5/crtm16.o (exit)
e:/amgad sameer course/tools/sdk_win_64/sdk_win_64/winavr/bin/../lib/gcc/avr/4.3.3/avr5\libgcc.a(_clear_bss.o)
                              ./Kernel_program.o (__do_clear_bss)

Memory Configuration

Name             Origin             Length             Attributes
text             0x00000000         0x00020000         xr
data             0x00800060         0x0000ffa0         rw !x
eeprom           0x00810000         0x00010000         rw !x
fuse             0x00820000         0x00000400         rw !x
lock             0x00830000         0x00000400         rw !x
signature        0x00840000         0x00000400         rw !x
*default*        0x00000000         0xffffffff

Linker script and memory map

LOAD e:/amgad sameer course/tools/sdk_win_64/sdk_win_64/winavr/bin/../lib/gcc/avr/4.3.3/../../../../avr/lib/avr5/crtm16.o
LOAD ./DIO_program.o
LOAD ./GIE_program.o
LOAD ./Kernel_program.o
LOAD ./Timer_progrma.o
LOAD ./main.o
LOAD e:/amgad sameer course/tools/sdk_win_64/sdk_win_64/winavr/bin/../lib/gcc/avr/4.3.3/avr5\libgcc.a
LOAD e:/amgad sameer course/tools/sdk_win_64/sdk_win_64/winavr/bin/../lib/gcc/avr/4.3.3/../../../../avr/lib/avr5\libc.a
LOAD e:/amgad sameer course/tools/sdk_win_64/sdk_win_64/winavr/bin/../lib/gcc/avr/4.3.3/avr5\libgcc.a

.hash
 *(.hash)

.dynsym
 *(.dynsym)

.dynstr
 *(.dynstr)

.gnu.version
 *(.gnu.version)

.gnu.version_d
 *(.gnu.version_d)

.gnu.version_r
 *(.gnu.version_r)

.rel.init
 *(.rel.init)

.rela.init
 *(.rela.init)

.rel.text
 *(.rel.text)
 *(.rel.text.*)
 *(.rel.gnu.linkonce.t*)

.rela.text
 *(.rela.text)
 *(.rela.text.*)
 *(.rela.gnu.linkonce.t*)

.rel.fini
 *(.rel.fini)

.rela.fini
 *(.rela.fini)

.rel.rodata
 *(.rel.rodata)
 *(.rel.rodata.*)
 *(.rel.gnu.linkonce.r*)

.rela.rodata
 *(.rela.rodata)
 *(.rela.rodata.*)
 *(.rela.gnu.linkonce.r*)

.rel.data
 *(.rel.data)
 *(.rel.data.*)
 *(.rel.gnu.linkonce.d*)

.rela.data
 *(.rela.data)
 *(.rela.data.*)
 *(.rela.gnu.linkonce.d*)

.rel.ctors
 *(.rel.ctors)

.rela.ctors
 *(.rela.ctors)

.rel.dtors
 *(.rel.dtors)

.rela.dtors
 *(.rela.dtors)

.rel.got
 *(.rel.got)

.rela.got
 *(.rela.got)

.rel.bss
 *(.rel.bss)

.rela.bss
 *(.rela.bss)

.rel.plt
 *(.rel.plt)

.rela.plt
 *(.rela.plt)

.text           0x00000000      0xdce
 *(.vectors)
 .vectors       0x00000000       0x54 e:/amgad sameer course/tools/sdk_win_64/sdk_win_64/winavr/bin/../lib/gcc/avr/4.3.3/../../../../avr/lib/avr5/crtm16.o
                0x00000000                __vectors
                0x00000000                __vector_default
 *(.vectors)
 *(.progmem.gcc*)
 *(.progmem*)
                0x00000054                . = ALIGN (0x2)
                0x00000054                __trampolines_start = .
 *(.trampolines)
 .trampolines   0x00000054        0x0 linker stubs
 *(.trampolines*)
                0x00000054                __trampolines_end = .
 *(.jumptables)
 *(.jumptables*)
 *(.lowtext)
 *(.lowtext*)
                0x00000054                __ctors_start = .
 *(.ctors)
                0x00000054                __ctors_end = .
                0x00000054                __dtors_start = .
 *(.dtors)
                0x00000054                __dtors_end = .
 SORT(*)(.ctors)
 SORT(*)(.dtors)
 *(.init0)
 .init0         0x00000054        0x0 e:/amgad sameer course/tools/sdk_win_64/sdk_win_64/winavr/bin/../lib/gcc/avr/4.3.3/../../../../avr/lib/avr5/crtm16.o
                0x00000054                __init
 *(.init0)
 *(.init1)
 *(.init1)
 *(.init2)
 .init2         0x00000054        0xc e:/amgad sameer course/tools/sdk_win_64/sdk_win_64/winavr/bin/../lib/gcc/avr/4.3.3/../../../../avr/lib/avr5/crtm16.o
 *(.init2)
 *(.init3)
 *(.init3)
 *(.init4)
 .init4         0x00000060       0x10 e:/amgad sameer course/tools/sdk_win_64/sdk_win_64/winavr/bin/../lib/gcc/avr/4.3.3/avr5\libgcc.a(_clear_bss.o)
                0x00000060                __do_clear_bss
 *(.init4)
 *(.init5)
 *(.init5)
 *(.init6)
 *(.init6)
 *(.init7)
 *(.init7)
 *(.init8)
 *(.init8)
 *(.init9)
 .init9         0x00000070        0x8 e:/amgad sameer course/tools/sdk_win_64/sdk_win_64/winavr/bin/../lib/gcc/avr/4.3.3/../../../../avr/lib/avr5/crtm16.o
 *(.init9)
 *(.text)
 .text          0x00000078        0x4 e:/amgad sameer course/tools/sdk_win_64/sdk_win_64/winavr/bin/../lib/gcc/avr/4.3.3/../../../../avr/lib/avr5/crtm16.o
                0x00000078                __vector_1
                0x00000078                __vector_12
                0x00000078                __bad_interrupt
                0x00000078                __vector_6
                0x00000078                __vector_3
                0x00000078                __vector_13
                0x00000078                __vector_17
                0x00000078                __vector_19
                0x00000078                __vector_7
                0x00000078                __vector_5
                0x00000078                __vector_4
                0x00000078                __vector_9
                0x00000078                __vector_2
                0x00000078                __vector_15
                0x00000078                __vector_8
                0x00000078                __vector_14
                0x00000078                __vector_16
                0x00000078                __vector_18
                0x00000078                __vector_20
 .text          0x0000007c        0x0 ./DIO_program.o
 .text          0x0000007c        0x0 ./GIE_program.o
 .text          0x0000007c        0x0 ./Kernel_program.o
 .text          0x0000007c        0x0 ./Timer_progrma.o
 .text          0x0000007c        0x0 ./main.o
 .text          0x0000007c        0x0 e:/amgad sameer course/tools/sdk_win_64/sdk_win_64/winavr/bin/../lib/gcc/avr/4.3.3/avr5\libgcc.a(_udivmodhi4.o)
 .text          0x0000007c        0x0 e:/amgad sameer course/tools/sdk_win_64/sdk_win_64/winavr/bin/../lib/gcc/avr/4.3.3/avr5\libgcc.a(_exit.o)
 .text          0x0000007c        0x0 e:/amgad sameer course/tools/sdk_win_64/sdk_win_64/winavr/bin/../lib/gcc/avr/4.3.3/avr5\libgcc.a(_clear_bss.o)
                0x0000007c                . = ALIGN (0x2)
 *(.text.*)
 .text.DIO_u8SetPinValue
                0x0000007c      0x224 ./DIO_program.o
                0x0000007c                DIO_u8SetPinValue
 .text.DIO_u8SetPinDirection
                0x000002a0      0x224 ./DIO_program.o
                0x000002a0                DIO_u8SetPinDirection
 .text.DIO_u8GetPinValue
                0x000004c4      0x136 ./DIO_program.o
                0x000004c4                DIO_u8GetPinValue
 .text.DIO_u8SetPortDirection
                0x000005fa       0x90 ./DIO_program.o
                0x000005fa                DIO_u8SetPortDirection
 .text.DIO_u8SetPortValue
                0x0000068a       0x90 ./DIO_program.o
                0x0000068a                DIO_u8SetPortValue
 .text.DIO_u8TogglePinValue
                0x0000071a      0x11c ./DIO_program.o
                0x0000071a                DIO_u8TogglePinValue
 .text.GIE_voidEnableGlobal
                0x00000836       0x10 ./GIE_program.o
                0x00000836                GIE_voidEnableGlobal
 .text.GIE_voidDisableGlobal
                0x00000846       0x10 ./GIE_program.o
                0x00000846                GIE_voidDisableGlobal
 .text.RTOS_voidStart
                0x00000856       0x24 ./Kernel_program.o
                0x00000856                RTOS_voidStart
 .text.RTOS_u8CreateTask
                0x0000087a       0xa8 ./Kernel_program.o
                0x0000087a                RTOS_u8CreateTask
 .text.Scheduler
                0x00000922       0xcc ./Kernel_program.o
 .text.RTOS_voidSuspendTask
                0x000009ee       0x32 ./Kernel_program.o
                0x000009ee                RTOS_voidSuspendTask
 .text.RTOS_voidResumeTask
                0x00000a20       0x30 ./Kernel_program.o
                0x00000a20                RTOS_voidResumeTask
 .text.RTOS_voidDeleteTask
                0x00000a50       0x32 ./Kernel_program.o
                0x00000a50                RTOS_voidDeleteTask
 .text.TIMER0_voidInit
                0x00000a82       0x62 ./Timer_progrma.o
                0x00000a82                TIMER0_voidInit
 .text.TIMER1_voidInit
                0x00000ae4       0x8c ./Timer_progrma.o
                0x00000ae4                TIMER1_voidInit
 .text.TIMER1_voidSetCompareValue
                0x00000b70       0x24 ./Timer_progrma.o
                0x00000b70                TIMER1_voidSetCompareValue
 .text.Timer1_voidSetTimerVal
                0x00000b94       0x24 ./Timer_progrma.o
                0x00000b94                Timer1_voidSetTimerVal
 .text.Timer1_voidGetTimerVal
                0x00000bb8       0x16 ./Timer_progrma.o
                0x00000bb8                Timer1_voidGetTimerVal
 .text.TIMER0_voidSetCompareValue
                0x00000bce       0x1c ./Timer_progrma.o
                0x00000bce                TIMER0_voidSetCompareValue
 .text.TIMER0_voidSetCallBack
                0x00000bea       0x4a ./Timer_progrma.o
                0x00000bea                TIMER0_voidSetCallBack
 .text.__vector_10
                0x00000c34       0x66 ./Timer_progrma.o
                0x00000c34                __vector_10
 .text.__vector_11
                0x00000c9a       0x66 ./Timer_progrma.o
                0x00000c9a                __vector_11
 .text.main     0x00000d00       0x50 ./main.o
                0x00000d00                main
 .text.Led1     0x00000d50       0x26 ./main.o
                0x00000d50                Led1
 .text.Led2     0x00000d76       0x16 ./main.o
                0x00000d76                Led2
 .text.Led3     0x00000d8c       0x16 ./main.o
                0x00000d8c                Led3
 .text.libgcc   0x00000da2       0x28 e:/amgad sameer course/tools/sdk_win_64/sdk_win_64/winavr/bin/../lib/gcc/avr/4.3.3/avr5\libgcc.a(_udivmodhi4.o)
                0x00000da2                __udivmodhi4
 .text.libgcc   0x00000dca        0x0 e:/amgad sameer course/tools/sdk_win_64/sdk_win_64/winavr/bin/../lib/gcc/avr/4.3.3/avr5\libgcc.a(_exit.o)
 .text.libgcc   0x00000dca        0x0 e:/amgad sameer course/tools/sdk_win_64/sdk_win_64/winavr/bin/../lib/gcc/avr/4.3.3/avr5\libgcc.a(_clear_bss.o)
                0x00000dca                . = ALIGN (0x2)
 *(.fini9)
 .fini9         0x00000dca        0x0 e:/amgad sameer course/tools/sdk_win_64/sdk_win_64/winavr/bin/../lib/gcc/avr/4.3.3/avr5\libgcc.a(_exit.o)
                0x00000dca                exit
                0x00000dca                _exit
 *(.fini9)
 *(.fini8)
 *(.fini8)
 *(.fini7)
 *(.fini7)
 *(.fini6)
 *(.fini6)
 *(.fini5)
 *(.fini5)
 *(.fini4)
 *(.fini4)
 *(.fini3)
 *(.fini3)
 *(.fini2)
 *(.fini2)
 *(.fini1)
 *(.fini1)
 *(.fini0)
 .fini0         0x00000dca        0x4 e:/amgad sameer course/tools/sdk_win_64/sdk_win_64/winavr/bin/../lib/gcc/avr/4.3.3/avr5\libgcc.a(_exit.o)
 *(.fini0)
                0x00000dce                _etext = .

.data           0x00800060        0x0 load address 0x00000dce
                0x00800060                PROVIDE (__data_start, .)
 *(.data)
 .data          0x00800060        0x0 e:/amgad sameer course/tools/sdk_win_64/sdk_win_64/winavr/bin/../lib/gcc/avr/4.3.3/../../../../avr/lib/avr5/crtm16.o
 .data          0x00800060        0x0 ./DIO_program.o
 .data          0x00800060        0x0 ./GIE_program.o
 .data          0x00800060        0x0 ./Kernel_program.o
 .data          0x00800060        0x0 ./Timer_progrma.o
 .data          0x00800060        0x0 ./main.o
 .data          0x00800060        0x0 e:/amgad sameer course/tools/sdk_win_64/sdk_win_64/winavr/bin/../lib/gcc/avr/4.3.3/avr5\libgcc.a(_udivmodhi4.o)
 .data          0x00800060        0x0 e:/amgad sameer course/tools/sdk_win_64/sdk_win_64/winavr/bin/../lib/gcc/avr/4.3.3/avr5\libgcc.a(_exit.o)
 .data          0x00800060        0x0 e:/amgad sameer course/tools/sdk_win_64/sdk_win_64/winavr/bin/../lib/gcc/avr/4.3.3/avr5\libgcc.a(_clear_bss.o)
 *(.data*)
 *(.rodata)
 *(.rodata*)
 *(.gnu.linkonce.d*)
                0x00800060                . = ALIGN (0x2)
                0x00800060                _edata = .
                0x00800060                PROVIDE (__data_end, .)

.bss            0x00800060       0x21
                0x00800060                PROVIDE (__bss_start, .)
 *(.bss)
 .bss           0x00800060        0x0 e:/amgad sameer course/tools/sdk_win_64/sdk_win_64/winavr/bin/../lib/gcc/avr/4.3.3/../../../../avr/lib/avr5/crtm16.o
 .bss           0x00800060        0x0 ./DIO_program.o
 .bss           0x00800060        0x0 ./GIE_program.o
 .bss           0x00800060        0x0 ./Kernel_program.o
 .bss           0x00800060        0x0 ./Timer_progrma.o
 .bss           0x00800060        0x0 ./main.o
 .bss           0x00800060        0x0 e:/amgad sameer course/tools/sdk_win_64/sdk_win_64/winavr/bin/../lib/gcc/avr/4.3.3/avr5\libgcc.a(_udivmodhi4.o)
 .bss           0x00800060        0x0 e:/amgad sameer course/tools/sdk_win_64/sdk_win_64/winavr/bin/../lib/gcc/avr/4.3.3/avr5\libgcc.a(_exit.o)
 .bss           0x00800060        0x0 e:/amgad sameer course/tools/sdk_win_64/sdk_win_64/winavr/bin/../lib/gcc/avr/4.3.3/avr5\libgcc.a(_clear_bss.o)
 *(.bss*)
 .bss.SystemTasks
                0x00800060        0xf ./Kernel_program.o
 .bss.Local_u8TickCounter.1255
                0x0080006f        0x2 ./Kernel_program.o
 .bss.FUNC_pvCallBackFuncArr
                0x00800071       0x10 ./Timer_progrma.o
 *(COMMON)
                0x00800081                PROVIDE (__bss_end, .)
                0x00000dce                __data_load_start = LOADADDR (.data)
                0x00000dce                __data_load_end = (__data_load_start + SIZEOF (.data))

.noinit         0x00800081        0x0
                0x00800081                PROVIDE (__noinit_start, .)
 *(.noinit*)
                0x00800081                PROVIDE (__noinit_end, .)
                0x00800081                _end = .
                0x00800081                PROVIDE (__heap_start, .)

.eeprom         0x00810000        0x0
 *(.eeprom*)
                0x00810000                __eeprom_end = .

.fuse
 *(.fuse)
 *(.lfuse)
 *(.hfuse)
 *(.efuse)

.lock
 *(.lock*)

.signature
 *(.signature*)

.stab           0x00000000     0x123c
 *(.stab)
 .stab          0x00000000      0x75c ./DIO_program.o
 .stab          0x0000075c      0x144 ./GIE_program.o
                                0x1c8 (size before relaxing)
 .stab          0x000008a0      0x3b4 ./Kernel_program.o
                                0x438 (size before relaxing)
 .stab          0x00000c54      0x3f0 ./Timer_progrma.o
                                0x498 (size before relaxing)
 .stab          0x00001044      0x1f8 ./main.o
                                0x2a0 (size before relaxing)

.stabstr        0x00000000      0x8a7
 *(.stabstr)
 .stabstr       0x00000000      0x8a7 ./DIO_program.o

.stab.excl
 *(.stab.excl)

.stab.exclstr
 *(.stab.exclstr)

.stab.index
 *(.stab.index)

.stab.indexstr
 *(.stab.indexstr)

.comment
 *(.comment)

.debug
 *(.debug)

.line
 *(.line)

.debug_srcinfo
 *(.debug_srcinfo)

.debug_sfnames
 *(.debug_sfnames)

.debug_aranges
 *(.debug_aranges)

.debug_pubnames
 *(.debug_pubnames)

.debug_info
 *(.debug_info)
 *(.gnu.linkonce.wi.*)

.debug_abbrev
 *(.debug_abbrev)

.debug_line
 *(.debug_line)

.debug_frame
 *(.debug_frame)

.debug_str
 *(.debug_str)

.debug_loc
 *(.debug_loc)

.debug_macinfo
 *(.debug_macinfo)
OUTPUT(RTOS_Scheduler.elf elf32-avr)
LOAD linker stubs
